
=== NEW REQUEST ===
Time: 2026-05-05 13:05:42
GET action: NOT SET
REQUEST_URI: /integrationrayen/
REQUEST_METHOD: GET
Checking action: 'index'
index === 'login' ? FALSE
index === 'register' ? FALSE

=== NEW REQUEST ===
Time: 2026-05-05 13:05:50
GET action: login
REQUEST_URI: /integrationrayen/index.php?action=login
REQUEST_METHOD: POST
Checking action: 'login'
login === 'login' ? TRUE
login === 'register' ? FALSE
ROUTING TO: login()

=== NEW REQUEST ===
Time: 2026-05-05 13:09:09
GET action: NOT SET
REQUEST_URI: /integrationrayen/
REQUEST_METHOD: GET
Checking action: 'index'
index === 'login' ? FALSE
index === 'register' ? FALSE

=== NEW REQUEST ===
Time: 2026-05-05 13:14:50
GET action: NOT SET
REQUEST_URI: /integrationrayen/
REQUEST_METHOD: GET
Checking action: 'index'
index === 'login' ? FALSE
index === 'register' ? FALSE

=== NEW REQUEST ===
Time: 2026-05-05 13:15:01
GET action: login
REQUEST_URI: /integrationrayen/index.php?action=login
REQUEST_METHOD: POST
Checking action: 'login'
login === 'login' ? TRUE
login === 'register' ? FALSE
ROUTING TO: login()

=== NEW REQUEST ===
Time: 2026-05-05 13:15:05
GET action: login
REQUEST_URI: /integrationrayen/index.php?action=login
REQUEST_METHOD: POST
Checking action: 'login'
login === 'login' ? TRUE
login === 'register' ? FALSE
ROUTING TO: login()

=== NEW REQUEST ===
Time: 2026-05-05 13:15:14
GET action: NOT SET
REQUEST_URI: /integrationrayen/
REQUEST_METHOD: GET
Checking action: 'index'
index === 'login' ? FALSE
index === 'register' ? FALSE

=== NEW REQUEST ===
Time: 2026-05-05 13:15:32
GET action: login
REQUEST_URI: /integrationrayen/index.php?action=login
REQUEST_METHOD: POST
Checking action: 'login'
login === 'login' ? TRUE
login === 'register' ? FALSE
ROUTING TO: login()

=== NEW REQUEST ===
Time: 2026-05-05 13:20:30
GET action: NOT SET
REQUEST_URI: /integrationrayen/
REQUEST_METHOD: GET
Checking action: 'index'
index === 'login' ? FALSE
index === 'register' ? FALSE

=== NEW REQUEST ===
Time: 2026-05-05 13:20:35
GET action: login
REQUEST_URI: /integrationrayen/index.php?action=login
REQUEST_METHOD: POST
Checking action: 'login'
login === 'login' ? TRUE
login === 'register' ? FALSE
ROUTING TO: login()

=== NEW REQUEST ===
Time: 2026-05-05 13:21:09
GET action: NOT SET
REQUEST_URI: /integrationrayen/
REQUEST_METHOD: GET
Checking action: 'index'
index === 'login' ? FALSE
index === 'register' ? FALSE

=== NEW REQUEST ===
Time: 2026-05-05 13:25:27
GET action: NOT SET
REQUEST_URI: /integrationrayen/
REQUEST_METHOD: GET
Checking action: 'index'
index === 'login' ? FALSE
index === 'register' ? FALSE

=== NEW REQUEST ===
Time: 2026-05-05 13:25:32
GET action: get_all_posts
REQUEST_URI: /integrationrayen/index.php?action=get_all_posts
REQUEST_METHOD: GET
Checking action: 'get_all_posts'
get_all_posts === 'login' ? FALSE
get_all_posts === 'register' ? FALSE
